[2026-02-28T08:47:10.199+0000] {taskinstance.py:1157} INFO - Dependencies all met for dep_context=non-requeueable deps ti=<TaskInstance: pagination_dag.pagination_task manual__2026-02-28T08:47:08.899483+00:00 [queued]>
[2026-02-28T08:47:10.210+0000] {taskinstance.py:1157} INFO - Dependencies all met for dep_context=requeueable deps ti=<TaskInstance: pagination_dag.pagination_task manual__2026-02-28T08:47:08.899483+00:00 [queued]>
[2026-02-28T08:47:10.211+0000] {taskinstance.py:1359} INFO - Starting attempt 1 of 1
[2026-02-28T08:47:10.230+0000] {taskinstance.py:1380} INFO - Executing <Task(PythonOperator): pagination_task> on 2026-02-28 08:47:08.899483+00:00
[2026-02-28T08:47:10.236+0000] {standard_task_runner.py:57} INFO - Started process 257 to run task
[2026-02-28T08:47:10.240+0000] {standard_task_runner.py:84} INFO - Running: ['***', 'tasks', 'run', 'pagination_dag', 'pagination_task', 'manual__2026-02-28T08:47:08.899483+00:00', '--job-id', '6', '--raw', '--subdir', 'DAGS_FOLDER/dag.py', '--cfg-path', '/tmp/tmpm_gzlvv0']
[2026-02-28T08:47:10.244+0000] {standard_task_runner.py:85} INFO - Job 6: Subtask pagination_task
[2026-02-28T08:47:10.323+0000] {task_command.py:415} INFO - Running <TaskInstance: pagination_dag.pagination_task manual__2026-02-28T08:47:08.899483+00:00 [running]> on host c0411bf44c70
[2026-02-28T08:47:10.616+0000] {taskinstance.py:1660} INFO - Exporting env vars: AIRFLOW_CTX_DAG_OWNER='***' AIRFLOW_CTX_DAG_ID='pagination_dag' AIRFLOW_CTX_TASK_ID='pagination_task' AIRFLOW_CTX_EXECUTION_DATE='2026-02-28T08:47:08.899483+00:00' AIRFLOW_CTX_TRY_NUMBER='1' AIRFLOW_CTX_DAG_RUN_ID='manual__2026-02-28T08:47:08.899483+00:00'
[2026-02-28T08:47:10.736+0000] {logging_mixin.py:151} INFO - Проход 1
[2026-02-28T08:47:12.859+0000] {logging_mixin.py:151} INFO - Проход 2
[2026-02-28T08:47:14.983+0000] {logging_mixin.py:151} INFO - Получено записей: 100
[2026-02-28T08:47:14.992+0000] {logging_mixin.py:151} INFO -    user_id  ...                                               body
0        1  ...  quia et suscipit\nsuscipit recusandae consequu...
1        1  ...  est rerum tempore vitae\nsequi sint nihil repr...
2        1  ...  et iusto sed quo iure\nvoluptatem occaecati om...
3        1  ...  ullam et saepe reiciendis voluptatem adipisci\...
4        1  ...  repudiandae veniam quaerat sunt sed\nalias aut...

[5 rows x 4 columns]
[2026-02-28T08:47:14.994+0000] {logging_mixin.py:151} INFO - База данных найдена: /mnt/e/Тренировка.db
[2026-02-28T08:47:17.382+0000] {logging_mixin.py:151} INFO - Данные загружены в таблицу posts
[2026-02-28T08:47:18.044+0000] {python.py:194} INFO - Done. Returned value was: None
[2026-02-28T08:47:18.057+0000] {taskinstance.py:1398} INFO - Marking task as SUCCESS. dag_id=pagination_dag, task_id=pagination_task, execution_date=20260228T084708, start_date=20260228T084710, end_date=20260228T084718
[2026-02-28T08:47:18.092+0000] {local_task_job_runner.py:228} INFO - Task exited with return code 0
[2026-02-28T08:47:18.106+0000] {taskinstance.py:2776} INFO - 0 downstream tasks scheduled from follow-on schedule check
