[2026-02-23T11:11:39.798+0000] {taskinstance.py:1157} INFO - Dependencies all met for dep_context=non-requeueable deps ti=<TaskInstance: pagination_dag.pagination_task manual__2026-02-23T11:11:37.455640+00:00 [queued]>
[2026-02-23T11:11:39.805+0000] {taskinstance.py:1157} INFO - Dependencies all met for dep_context=requeueable deps ti=<TaskInstance: pagination_dag.pagination_task manual__2026-02-23T11:11:37.455640+00:00 [queued]>
[2026-02-23T11:11:39.805+0000] {taskinstance.py:1359} INFO - Starting attempt 1 of 1
[2026-02-23T11:11:39.818+0000] {taskinstance.py:1380} INFO - Executing <Task(PythonOperator): pagination_task> on 2026-02-23 11:11:37.455640+00:00
[2026-02-23T11:11:39.823+0000] {standard_task_runner.py:57} INFO - Started process 203 to run task
[2026-02-23T11:11:39.827+0000] {standard_task_runner.py:84} INFO - Running: ['***', 'tasks', 'run', 'pagination_dag', 'pagination_task', 'manual__2026-02-23T11:11:37.455640+00:00', '--job-id', '2', '--raw', '--subdir', 'DAGS_FOLDER/dag.py', '--cfg-path', '/tmp/tmp1i44gej4']
[2026-02-23T11:11:39.830+0000] {standard_task_runner.py:85} INFO - Job 2: Subtask pagination_task
[2026-02-23T11:11:39.890+0000] {task_command.py:415} INFO - Running <TaskInstance: pagination_dag.pagination_task manual__2026-02-23T11:11:37.455640+00:00 [running]> on host 40c20f572d71
[2026-02-23T11:11:39.960+0000] {taskinstance.py:1660} INFO - Exporting env vars: AIRFLOW_CTX_DAG_OWNER='***' AIRFLOW_CTX_DAG_ID='pagination_dag' AIRFLOW_CTX_TASK_ID='pagination_task' AIRFLOW_CTX_EXECUTION_DATE='2026-02-23T11:11:37.455640+00:00' AIRFLOW_CTX_TRY_NUMBER='1' AIRFLOW_CTX_DAG_RUN_ID='manual__2026-02-23T11:11:37.455640+00:00'
[2026-02-23T11:11:40.174+0000] {logging_mixin.py:151} INFO - Проход 1
[2026-02-23T11:11:42.299+0000] {logging_mixin.py:151} INFO - Проход 2
[2026-02-23T11:11:44.432+0000] {logging_mixin.py:151} INFO - Получено записей: 100
[2026-02-23T11:11:44.455+0000] {logging_mixin.py:151} INFO -    user_id  ...                                               body
0        1  ...  quia et suscipit\nsuscipit recusandae consequu...
1        1  ...  est rerum tempore vitae\nsequi sint nihil repr...
2        1  ...  et iusto sed quo iure\nvoluptatem occaecati om...
3        1  ...  ullam et saepe reiciendis voluptatem adipisci\...
4        1  ...  repudiandae veniam quaerat sunt sed\nalias aut...

[5 rows x 4 columns]
[2026-02-23T11:11:44.456+0000] {logging_mixin.py:151} INFO - ✅ База данных найдена: /mnt/e/Тренировка.db
[2026-02-23T11:11:47.239+0000] {logging_mixin.py:151} INFO - ✅ Данные загружены в таблицу posts
[2026-02-23T11:11:47.838+0000] {python.py:194} INFO - Done. Returned value was: None
[2026-02-23T11:11:47.847+0000] {taskinstance.py:1398} INFO - Marking task as SUCCESS. dag_id=pagination_dag, task_id=pagination_task, execution_date=20260223T111137, start_date=20260223T111139, end_date=20260223T111147
[2026-02-23T11:11:47.883+0000] {local_task_job_runner.py:228} INFO - Task exited with return code 0
[2026-02-23T11:11:47.895+0000] {taskinstance.py:2776} INFO - 0 downstream tasks scheduled from follow-on schedule check
