[2026-02-23T08:58:29.674+0000] {taskinstance.py:1157} INFO - Dependencies all met for dep_context=non-requeueable deps ti=<TaskInstance: pagination_dag.pagination_task manual__2026-02-23T08:58:27.183356+00:00 [queued]>
[2026-02-23T08:58:29.681+0000] {taskinstance.py:1157} INFO - Dependencies all met for dep_context=requeueable deps ti=<TaskInstance: pagination_dag.pagination_task manual__2026-02-23T08:58:27.183356+00:00 [queued]>
[2026-02-23T08:58:29.682+0000] {taskinstance.py:1359} INFO - Starting attempt 1 of 1
[2026-02-23T08:58:29.695+0000] {taskinstance.py:1380} INFO - Executing <Task(PythonOperator): pagination_task> on 2026-02-23 08:58:27.183356+00:00
[2026-02-23T08:58:29.700+0000] {standard_task_runner.py:57} INFO - Started process 197 to run task
[2026-02-23T08:58:29.704+0000] {standard_task_runner.py:84} INFO - Running: ['***', 'tasks', 'run', 'pagination_dag', 'pagination_task', 'manual__2026-02-23T08:58:27.183356+00:00', '--job-id', '2', '--raw', '--subdir', 'DAGS_FOLDER/dag.py', '--cfg-path', '/tmp/tmpye23em9h']
[2026-02-23T08:58:29.707+0000] {standard_task_runner.py:85} INFO - Job 2: Subtask pagination_task
[2026-02-23T08:58:29.765+0000] {task_command.py:415} INFO - Running <TaskInstance: pagination_dag.pagination_task manual__2026-02-23T08:58:27.183356+00:00 [running]> on host dfe3fe4d7265
[2026-02-23T08:58:29.838+0000] {taskinstance.py:1660} INFO - Exporting env vars: AIRFLOW_CTX_DAG_OWNER='***' AIRFLOW_CTX_DAG_ID='pagination_dag' AIRFLOW_CTX_TASK_ID='pagination_task' AIRFLOW_CTX_EXECUTION_DATE='2026-02-23T08:58:27.183356+00:00' AIRFLOW_CTX_TRY_NUMBER='1' AIRFLOW_CTX_DAG_RUN_ID='manual__2026-02-23T08:58:27.183356+00:00'
[2026-02-23T08:58:30.312+0000] {logging_mixin.py:151} INFO - Проход 1
[2026-02-23T08:58:32.792+0000] {logging_mixin.py:151} INFO - Проход 2
[2026-02-23T08:58:35.324+0000] {logging_mixin.py:151} INFO -     userId  ...                                               body
0        1  ...  quia et suscipit\nsuscipit recusandae consequu...
1        1  ...  est rerum tempore vitae\nsequi sint nihil repr...
2        1  ...  et iusto sed quo iure\nvoluptatem occaecati om...
3        1  ...  ullam et saepe reiciendis voluptatem adipisci\...
4        1  ...  repudiandae veniam quaerat sunt sed\nalias aut...
..     ...  ...                                                ...
95      10  ...  in non odio excepturi sint eum\nlabore volupta...
96      10  ...  eum non blanditiis soluta porro quibusdam volu...
97      10  ...  doloremque ex facilis sit sint culpa\nsoluta a...
98      10  ...  quo deleniti praesentium dicta non quod\naut e...
99      10  ...  cupiditate quo est a modi nesciunt soluta\nips...

[100 rows x 4 columns]
[2026-02-23T08:58:35.326+0000] {python.py:194} INFO - Done. Returned value was: None
[2026-02-23T08:58:35.340+0000] {taskinstance.py:1398} INFO - Marking task as SUCCESS. dag_id=pagination_dag, task_id=pagination_task, execution_date=20260223T085827, start_date=20260223T085829, end_date=20260223T085835
[2026-02-23T08:58:35.379+0000] {local_task_job_runner.py:228} INFO - Task exited with return code 0
[2026-02-23T08:58:35.392+0000] {taskinstance.py:2776} INFO - 0 downstream tasks scheduled from follow-on schedule check
