[2026-02-28T08:45:02.912+0000] {taskinstance.py:1157} INFO - Dependencies all met for dep_context=non-requeueable deps ti=<TaskInstance: sqlite_to_postgres_incremental.transfer_task manual__2026-02-28T08:45:00.625577+00:00 [queued]>
[2026-02-28T08:45:02.921+0000] {taskinstance.py:1157} INFO - Dependencies all met for dep_context=requeueable deps ti=<TaskInstance: sqlite_to_postgres_incremental.transfer_task manual__2026-02-28T08:45:00.625577+00:00 [queued]>
[2026-02-28T08:45:02.921+0000] {taskinstance.py:1359} INFO - Starting attempt 1 of 1
[2026-02-28T08:45:02.940+0000] {taskinstance.py:1380} INFO - Executing <Task(PythonOperator): transfer_task> on 2026-02-28 08:45:00.625577+00:00
[2026-02-28T08:45:02.948+0000] {standard_task_runner.py:57} INFO - Started process 202 to run task
[2026-02-28T08:45:02.952+0000] {standard_task_runner.py:84} INFO - Running: ['***', 'tasks', 'run', 'sqlite_to_postgres_incremental', 'transfer_task', 'manual__2026-02-28T08:45:00.625577+00:00', '--job-id', '4', '--raw', '--subdir', 'DAGS_FOLDER/transfer_date_of_bd.py', '--cfg-path', '/tmp/tmpky44yohf']
[2026-02-28T08:45:02.956+0000] {standard_task_runner.py:85} INFO - Job 4: Subtask transfer_task
[2026-02-28T08:45:03.021+0000] {task_command.py:415} INFO - Running <TaskInstance: sqlite_to_postgres_incremental.transfer_task manual__2026-02-28T08:45:00.625577+00:00 [running]> on host c0411bf44c70
[2026-02-28T08:45:03.333+0000] {taskinstance.py:1660} INFO - Exporting env vars: AIRFLOW_CTX_DAG_OWNER='***' AIRFLOW_CTX_DAG_ID='sqlite_to_postgres_incremental' AIRFLOW_CTX_TASK_ID='transfer_task' AIRFLOW_CTX_EXECUTION_DATE='2026-02-28T08:45:00.625577+00:00' AIRFLOW_CTX_TRY_NUMBER='1' AIRFLOW_CTX_DAG_RUN_ID='manual__2026-02-28T08:45:00.625577+00:00'
[2026-02-28T08:45:05.539+0000] {logging_mixin.py:151} INFO - Обработка таблицы: yes
[2026-02-28T08:45:05.640+0000] {logging_mixin.py:151} INFO - Обработка таблицы: all_sale1
[2026-02-28T08:45:05.682+0000] {logging_mixin.py:151} INFO - Обработка таблицы: dop_data
[2026-02-28T08:45:05.724+0000] {logging_mixin.py:151} INFO - Обработка таблицы: new
[2026-02-28T08:45:05.771+0000] {logging_mixin.py:151} INFO - Обработка таблицы: sales_data
[2026-02-28T08:45:05.808+0000] {logging_mixin.py:151} INFO - Обработка таблицы: all_sale2
[2026-02-28T08:45:05.850+0000] {logging_mixin.py:151} INFO - Обработка таблицы: good
[2026-02-28T08:45:05.889+0000] {logging_mixin.py:151} INFO - Обработка таблицы: posts
[2026-02-28T08:45:06.528+0000] {python.py:194} INFO - Done. Returned value was: None
[2026-02-28T08:45:06.538+0000] {taskinstance.py:1398} INFO - Marking task as SUCCESS. dag_id=sqlite_to_postgres_incremental, task_id=transfer_task, execution_date=20260228T084500, start_date=20260228T084502, end_date=20260228T084506
[2026-02-28T08:45:06.581+0000] {local_task_job_runner.py:228} INFO - Task exited with return code 0
[2026-02-28T08:45:06.598+0000] {taskinstance.py:2776} INFO - 0 downstream tasks scheduled from follow-on schedule check
