[2026-02-28T08:47:07.487+0000] {taskinstance.py:1157} INFO - Dependencies all met for dep_context=non-requeueable deps ti=<TaskInstance: sqlite_to_postgres_incremental.transfer_task manual__2026-02-28T08:47:05.567465+00:00 [queued]>
[2026-02-28T08:47:07.495+0000] {taskinstance.py:1157} INFO - Dependencies all met for dep_context=requeueable deps ti=<TaskInstance: sqlite_to_postgres_incremental.transfer_task manual__2026-02-28T08:47:05.567465+00:00 [queued]>
[2026-02-28T08:47:07.495+0000] {taskinstance.py:1359} INFO - Starting attempt 1 of 1
[2026-02-28T08:47:07.508+0000] {taskinstance.py:1380} INFO - Executing <Task(PythonOperator): transfer_task> on 2026-02-28 08:47:05.567465+00:00
[2026-02-28T08:47:07.513+0000] {standard_task_runner.py:57} INFO - Started process 254 to run task
[2026-02-28T08:47:07.517+0000] {standard_task_runner.py:84} INFO - Running: ['***', 'tasks', 'run', 'sqlite_to_postgres_incremental', 'transfer_task', 'manual__2026-02-28T08:47:05.567465+00:00', '--job-id', '5', '--raw', '--subdir', 'DAGS_FOLDER/transfer_date_of_bd.py', '--cfg-path', '/tmp/tmp4lnsguju']
[2026-02-28T08:47:07.520+0000] {standard_task_runner.py:85} INFO - Job 5: Subtask transfer_task
[2026-02-28T08:47:07.577+0000] {task_command.py:415} INFO - Running <TaskInstance: sqlite_to_postgres_incremental.transfer_task manual__2026-02-28T08:47:05.567465+00:00 [running]> on host c0411bf44c70
[2026-02-28T08:47:07.815+0000] {taskinstance.py:1660} INFO - Exporting env vars: AIRFLOW_CTX_DAG_OWNER='***' AIRFLOW_CTX_DAG_ID='sqlite_to_postgres_incremental' AIRFLOW_CTX_TASK_ID='transfer_task' AIRFLOW_CTX_EXECUTION_DATE='2026-02-28T08:47:05.567465+00:00' AIRFLOW_CTX_TRY_NUMBER='1' AIRFLOW_CTX_DAG_RUN_ID='manual__2026-02-28T08:47:05.567465+00:00'
[2026-02-28T08:47:07.822+0000] {logging_mixin.py:151} INFO - Обработка таблицы: yes
[2026-02-28T08:47:07.872+0000] {logging_mixin.py:151} INFO - Обработка таблицы: all_sale1
[2026-02-28T08:47:07.893+0000] {logging_mixin.py:151} INFO - Обработка таблицы: dop_data
[2026-02-28T08:47:07.911+0000] {logging_mixin.py:151} INFO - Обработка таблицы: new
[2026-02-28T08:47:07.937+0000] {logging_mixin.py:151} INFO - Обработка таблицы: sales_data
[2026-02-28T08:47:07.954+0000] {logging_mixin.py:151} INFO - Обработка таблицы: all_sale2
[2026-02-28T08:47:07.977+0000] {logging_mixin.py:151} INFO - Обработка таблицы: good
[2026-02-28T08:47:08.002+0000] {logging_mixin.py:151} INFO - Обработка таблицы: posts
[2026-02-28T08:47:08.599+0000] {python.py:194} INFO - Done. Returned value was: None
[2026-02-28T08:47:08.609+0000] {taskinstance.py:1398} INFO - Marking task as SUCCESS. dag_id=sqlite_to_postgres_incremental, task_id=transfer_task, execution_date=20260228T084705, start_date=20260228T084707, end_date=20260228T084708
[2026-02-28T08:47:08.654+0000] {local_task_job_runner.py:228} INFO - Task exited with return code 0
[2026-02-28T08:47:08.668+0000] {taskinstance.py:2776} INFO - 0 downstream tasks scheduled from follow-on schedule check
